============================= test session starts ==============================
platform linux -- Python 3.10.12, pytest-8.3.4, pluggy-1.5.0 -- /home/jonflatt/source/mcp-client/.venv/bin/python
cachedir: .pytest_cache
rootdir: /home/jonflatt/source/mcp-client
configfile: pyproject.toml
plugins: cov-6.0.0, asyncio-0.25.0, anyio-4.7.0, mock-3.14.0
asyncio: mode=strict, asyncio_default_fixture_loop_scope=function
collecting ... collected 22 items

tests/test_server_manager.py::test_server_manager_initialization PASSED  [  4%]
tests/test_server_manager.py::test_get_server_env PASSED                 [  9%]
tests/test_server_manager.py::test_connect_to_server_success PASSED      [ 13%]
tests/test_server_manager.py::test_connect_to_server_retry_logic PASSED  [ 18%]
tests/test_server_manager.py::test_connect_to_server_timeout 

=============================== warnings summary ===============================
tests/test_server_manager.py::test_server_manager_initialization
tests/test_server_manager.py::test_get_server_env
tests/test_server_manager.py::test_connect_to_server_success
tests/test_server_manager.py::test_connect_to_server_retry_logic
tests/test_server_manager.py::test_connect_to_server_timeout
  /home/jonflatt/source/mcp-client/.venv/lib/python3.10/site-packages/pytest_asyncio/plugin.py:854: DeprecationWarning: The event_loop fixture provided by pytest-asyncio has been redefined in
  /home/jonflatt/source/mcp-client/tests/conftest.py:40
  Replacing the event_loop fixture with a custom implementation is deprecated
  and will lead to errors in the future.
  If you want to request an asyncio event loop with a scope other than function
  scope, use the "scope" argument to the asyncio mark when marking the tests.
  If you want to return different types of event loops, use the event_loop_policy
  fixture.
  
    warnings.warn(

-- Docs: https://docs.pytest.org/en/stable/how-to/capture-warnings.html

---------- coverage: platform linux, python 3.10.12-final-0 ----------
Name                                         Stmts   Miss  Cover   Missing
--------------------------------------------------------------------------
mcp_client/__init__.py                           5      0   100%
mcp_client/config/__init__.py                    2      0   100%
mcp_client/config/config_manager.py             69     55    20%   11-13, 18-33, 37-70, 74-77, 81, 85, 89-102
mcp_client/processing/__init__.py                2      0   100%
mcp_client/processing/message_processor.py      34     28    18%   11, 15-49
mcp_client/processing/query_processor.py        71     71     0%   1-125
mcp_client/server/__init__.py                    2      0   100%
mcp_client/server/server_manager.py            131     64    51%   27-31, 45-60, 75-76, 112-115, 120-124, 128-137, 141-145, 149-177, 181-183, 187, 191-192
mcp_client/utils/__init__.py                     2      0   100%
mcp_client/utils/logging_config.py              17     13    24%   13-35
--------------------------------------------------------------------------
TOTAL                                          335    231    31%

!!!!!!!!!!!!!!!!!!!!!!!!!!!!!! KeyboardInterrupt !!!!!!!!!!!!!!!!!!!!!!!!!!!!!!!
/usr/lib/python3.10/selectors.py:469: KeyboardInterrupt
(to show a full traceback on KeyboardInterrupt use --full-trace)
======================== 4 passed, 5 warnings in 5.34s =========================
